<!DOCTYPE html>
<html lang="en">
<head>
    <meta charset="UTF-8">
    <meta http-equiv="X-UA-Compatible" content="IE=edge">
    <meta name="viewport" content="width=device-width, initial-scale=1.0">
    <link rel="stylesheet" href="CSS/style.css">
    <title>Верстка HTML + CSS За 2 Часа. Из PSD. С Нуля. Полная Запись.</title>
</head>
<body>
    <header>
        <div class="container">
            <div class="heading clearfix">
                <img src="img/logo.png" alt="Логотип" class="logo">;
                <nav class="menu">
                    <ul>
                        <li><a href="#">Home</a></li>
                        <li><a href="#">Services</a></li>
                        <li><a href="#">Portfolio</a></li>
                        <li><a href="#">About</a></li>
                        <li><a href="#">Contact</a></li>
                    </ul>
                </nav>
            </div>
            <div class="titles">
                <div class="titles_first">Welcome To Our Studio</div>
                <h1>It's to meet you</h1>
            </div>
            <a href="#" class="button">Tell me more</a>
            
        </div>
    </header>
    <section>
        <div class="container">
            <div class="title">
                <h2>Services</h2>
                <p>Lorem ipsum dolor sit amet consectetur.</p>
            </div>
            <div class="services clearfix">
                <div class="services_item">
                    <img src="img/icon1.png" alt="Услуга">
                    <h3>E-Commerce</h3>
                    <p>Lorem ipsum dolor sit amet consectetur adipisicing elit. Similique soluta modi cupiditate minus quidem, possimus eum magnam repudiandae.</p>
                </div>
                <div class="services_item">
                    <img src="img/icon2.png" alt="Услуга">
                    <h3>Responsive-Web</h3>
                    <p>Lorem ipsum dolor sit amet consectetur adipisicing elit. Similique soluta modi cupiditate minus quidem, possimus eum magnam repudiandae.</p>
                </div><div class="services_item">
                    <img src="img/icon3.png" alt="Услуга">
                    <h3>Web Security</h3>
                    <p>Lorem ipsum dolor sit amet consectetur adipisicing elit. Similique soluta modi cupiditate minus quidem, possimus eum magnam repudiandae.</p>
                </div>
            </div>
        </div>

    </section>
    <section class="portfolio">
        <div class="container">
            <div class="title">
                <h2>Our portfolio</h2>
                <p>Lorem ipsum dolor sit amet consectetur.</p>
            </div>
            <div class="works clearfix">
                <img src="img/img1.jpg" alt="Работа">
                <img src="img/img2.jpg" alt="Работа">
                <img src="img/img3.jpg" alt="Работа">
            </div>
        </div>
    </section>
    <section>
        <div class="container">
            <div class="title">
                <h2>About us</h2>
                <p>Lorem ipsum dolor sit amet consectetur.</p>
            </div>
            <div class="way">
                <div class="step_left">
                    <img src="img/about1.jpg" alt="Путь">
                    <div class="text">
                        <h3><span class="time">jule 2010</span><br>our humble beginnings</h3>
                        <p>Lorem ipsum dolor sit, amet consectetur adipisicing elit. Iure repellendus, doloribus voluptatem incidunt voluptatibus neque dolores perspiciatis tempora, debitis quo fugiat deserunt nulla tenetur totam, doloremque vel iste corrupti.</p>
                    </div>
                </div>
                <div class="step_right">
                    <img src="img/about2.jpg" alt="Путь">
                    <div class="text">
                        <h3><span class="time">january 2011</span><br>facing startup battles</h3>
                        <p>Lorem ipsum dolor, sit amet consectetur adipisicing elit. Voluptatibus excepturi accusantium laborum esse corporis possimus et. Explicabo esse ratione similique voluptate pariatur quos a ipsam, animi rem ut possimus illo eos aut magnam neque odit quo repellat! Labore, mollitia quos. Lorem ipsum dolor, sit amet consectetur adipisicing elit. Voluptatibus excepturi accusantium laborum esse corporis possimus et. Explicabo esse ratione similique voluptate pariatur quos a ipsam, animi rem ut possimus illo eos aut magnam neque odit quo repellat! Labore, mollitia quos.</p>
                    </div>
                </div>
                <div class="step_left">
                    <img src="img/about3.jpg" alt="Путь">
                    <div class="text">
                        <h3><span class="time">december 2012</span><br>enter the dark days</h3>
                        <p>Lorem ipsum, dolor sit amet consectetur adipisicing elit. Excepturi atque sint velit assumenda fuga et ipsum consectetur eligendi nesciunt veritatis. Dolorem, minus nihil. Alias, id.</p>
                    </div>
                </div>
                <div class="step_right">
                    <img src="img/about4.jpg" alt="Путь">
                    <div class="text">
                        <h3><span class="time">february 2014</span><br>our triumph</h3>
                        <p>Lorem ipsum dolor sit amet consectetur adipisicing elit. Cupiditate non, nisi molestiae perferendis et quis error reprehenderit ipsum nam ipsam recusandae unde ullam voluptatum ab, facere itaque! Totam eos odio eveniet?</p>
                    </div>
                </div>
            </div>
        </div>

    </section>
    <footer>
        <div class="container">
            <div class="title">
                <p>&copy; Copyright 2014 FreebiesXpress.com<br>The layout of the site was made by Hasan Balhaev</p>
                <p></p>
            </div>
        </div>
    </footer>
</body>
</html>